./build/gtest t1.gr


================= Gr_Read/gtest: test LAGraph_grread
filename: t1.gr
G_version: 1

GraphBLAS matrix: G 
nrows: 6 ncols: 6 max # entries: 16
format: standard CSR vlen: 6 nvec: 6 plen: 6 vdim: 6
hyper_ratio 0.0625
GraphBLAS type:  bool size: 1
number of entries: 16 
row: 0 : 3 entries [0:2]
    column 1: bool 1
    column 4: bool 1
    column 5: bool 1
row: 1 : 4 entries [3:6]
    column 0: bool 1
    column 2: bool 1
    column 3: bool 1
    column 5: bool 1
row: 2 : 2 entries [7:8]
    column 1: bool 1
    column 3: bool 1
row: 3 : 3 entries [9:11]
    column 1: bool 1
    column 2: bool 1
    column 4: bool 1
row: 4 : 2 entries [12:13]
    column 0: bool 1
    column 3: bool 1
row: 5 : 2 entries [14:15]
    column 0: bool 1
    column 1: bool 1
gtest: all tests passed

./build/gtest t2.gr


================= Gr_Read/gtest: test LAGraph_grread
filename: t2.gr
G_version: 1

GraphBLAS matrix: G 
nrows: 6 ncols: 6 max # entries: 8
format: standard CSR vlen: 6 nvec: 6 plen: 6 vdim: 6
hyper_ratio 0.0625
GraphBLAS type:  bool size: 1
number of entries: 8 
row: 0 : 3 entries [0:2]
    column 1: bool 1
    column 4: bool 1
    column 5: bool 1
row: 1 : 3 entries [3:5]
    column 2: bool 1
    column 3: bool 1
    column 5: bool 1
row: 2 : 1 entries [6:6]
    column 3: bool 1
row: 3 : 1 entries [7:7]
    column 4: bool 1
gtest: all tests passed

