matrix: /home/grads/a/aznaveh/GAP/GAP-web/GAP-web.grb
[.grb]
Reading binary file: /home/grads/a/aznaveh/GAP/GAP-web/GAP-web.grb

read A time:          14.207351 sec
process A time:       21.858000 sec
n 50636151 # edges 1810063330
U=triu(A) time:        1.528777 sec
L=tril(A) time:        1.544339 sec
# of triangles: 84907041475
nthreads:  40 time:    47.364237 rate:  38.22
matrix: /home/grads/a/aznaveh/GAP/GAP-kron/GAP-kron.grb
[.grb]
Reading binary file: /home/grads/a/aznaveh/GAP/GAP-kron/GAP-kron.grb

read A time:          33.121654 sec
process A time:      110.066847 sec
n 134217726 # edges 2111632322
U=triu(A) time:        1.758616 sec
L=tril(A) time:        1.777732 sec
# of triangles: 106873365648
nthreads:  40 time:  1673.080606 rate:   1.26
matrix: /home/grads/a/aznaveh/GAP/GAP-twitter/GAP-twitter.grb
[.grb]
Reading binary file: /home/grads/a/aznaveh/GAP/GAP-twitter/GAP-twitter.grb

read A time:          15.959971 sec
process A time:       35.321517 sec
n 61578415 # edges 1202513046
U=triu(A) time:        1.105752 sec
L=tril(A) time:        1.066049 sec
# of triangles: 34824916864
nthreads:  40 time:   564.346978 rate:   2.13
matrix: /home/grads/a/aznaveh/GAP/GAP-urand/GAP-urand.grb
[.grb]
Reading binary file: /home/grads/a/aznaveh/GAP/GAP-urand/GAP-urand.grb

read A time:          46.351311 sec
process A time:      122.272966 sec
n 134217728 # edges 2147483370
U=triu(A) time:        2.373050 sec
L=tril(A) time:        2.390477 sec
# of triangles: 5378
nthreads:  40 time:    33.129086 rate:  64.82
matrix: /home/grads/a/aznaveh/GAP/GAP-road/GAP-road.grb
[.grb]
Reading binary file: /home/grads/a/aznaveh/GAP/GAP-road/GAP-road.grb

read A time:           0.746062 sec
process A time:        2.774976 sec
n 23947347 # edges 28854312
U=triu(A) time:        0.078968 sec
L=tril(A) time:        0.077112 sec
# of triangles: 438804
nthreads:  40 time:     0.195089 rate: 147.90
