
  50636151x50636151 GraphBLAS bool matrix, sparse by row:
  A, 1930292948 entries

    (10,49817219)   1
    (10,49824797)   1
    (10,49824842)   1
    (10,49824843)   1
    (10,49824846)   1
    (10,49826026)   1
    (10,49826027)   1
    (10,49826709)   1
    (10,49826710)   1
    (10,49826711)   1
    (10,49826712)   1
    (10,49826713)   1
    (10,49826714)   1
    (10,49826715)   1
    (10,49826716)   1
    (10,49826717)   1
    (10,49826719)   1
    (10,49827761)   1
    (10,49853332)   1
    (10,49853570)   1
    (10,49853571)   1
    (10,49853572)   1
    (10,49853573)   1
    (10,49853574)   1
    (10,49853575)   1
    (10,49855627)   1
    (10,50184826)   1
    (10,50284715)   1
    (10,50284718)   1
    (10,50284719)   1
    ...

==========input graph: nodes: 50636151 edges: 1930292948 source node: 0
 nthreads: 40
simple    time: 4.467967e-01 (sec), rate: 4320.29 (1e6 edges/sec)
transpose time: 5.5644

nthreads  1 push/pull: (no tree) 5.868379e+00 (sec),  rate: 328.931 (1e6 edges/sec)
nthreads  2 push/pull: (no tree) 3.051171e+00 (sec),  rate: 632.64 (1e6 edges/sec)
speedup 1.92332
nthreads  4 push/pull: (no tree) 1.626864e+00 (sec),  rate: 1186.51 (1e6 edges/sec)
speedup 3.60717
nthreads  8 push/pull: (no tree) 9.200858e-01 (sec),  rate: 2097.95 (1e6 edges/sec)
speedup 6.37808
nthreads 16 push/pull: (no tree) 5.575780e-01 (sec),  rate: 3461.92 (1e6 edges/sec)
speedup 10.5248
nthreads 32 push/pull: (no tree) 4.481427e-01 (sec),  rate: 4307.32 (1e6 edges/sec)
speedup 13.0949

parallel (with tree):
nthreads  1 push/pull (w/ tree): 7.048787e+00 (sec),  rate: 273.848 (1e6 edges/sec)
nthreads  2 push/pull (w/ tree): 3.698263e+00 (sec),  rate: 521.946 (1e6 edges/sec)
speedup 1.90597
nthreads  4 push/pull (w/ tree): 1.991465e+00 (sec),  rate: 969.283 (1e6 edges/sec)
speedup 3.5395
nthreads  8 push/pull (w/ tree): 1.142209e+00 (sec),  rate: 1689.96 (1e6 edges/sec)
speedup 6.17119
nthreads 16 push/pull (w/ tree): 7.102505e-01 (sec),  rate: 2717.76 (1e6 edges/sec)
speedup 9.92437
nthreads 32 push/pull (w/ tree): 5.823623e-01 (sec),  rate: 3314.59 (1e6 edges/sec)
speedup 12.1038

v starts sparse: (nthread 40)
pushpull sparse 2.704253e-04 (sec), rate: 7.13799e+06 (1e6 edges/sec)
number of levels: 1 (for s = 0, single-source)
# nodes visited (for single-source): 1 out of 50636151 (1.97487e-06 % of the graph)
bfs_test: all tests passed
------------------------------------------------------------

matrix: /home/grads/a/aznaveh/GAP/GAP-web/GAP-web.grb
[.grb]
Reading binary file: /home/grads/a/aznaveh/GAP/GAP-web/GAP-web.grb
nthreads for simple BFS: 40

  134217726x134217726 GraphBLAS bool matrix, sparse by row:
  A, 4223264644 entries

    (1,83111928)   1
    (2,113772338)   1
    (9,26920261)   1
    (9,33335674)   1
    (9,90905511)   1
    (9,92964069)   1
    (9,126874301)   1
    (11,3075467)   1
    (11,11283179)   1
    (11,14136330)   1
    (11,18241662)   1
    (11,21256905)   1
    (11,26197037)   1
    (11,34992956)   1
    (11,49762924)   1
    (11,54231301)   1
    (11,55275316)   1
    (11,55896288)   1
    (11,56613538)   1
    (11,69378808)   1
    (11,76391974)   1
    (11,77970070)   1
    (11,80121717)   1
    (11,113872174)   1
    (11,115829864)   1
    (11,125066355)   1
    (11,129708509)   1
    (11,131285585)   1
    (11,132549336)   1
    (14,11049596)   1
    ...

==========input graph: nodes: 134217726 edges: 4223264644 source node: 0
 nthreads: 40
simple    time: 1.350996e+00 (sec), rate: 3126.04 (1e6 edges/sec)
transpose time: 67.3427

nthreads  1 push/pull: (no tree) 1.680926e+01 (sec),  rate: 251.246 (1e6 edges/sec)
nthreads  2 push/pull: (no tree) 8.325557e+00 (sec),  rate: 507.265 (1e6 edges/sec)
speedup 2.019
nthreads  4 push/pull: (no tree) 4.366985e+00 (sec),  rate: 967.089 (1e6 edges/sec)
speedup 3.84917
nthreads  8 push/pull: (no tree) 2.415162e+00 (sec),  rate: 1748.65 (1e6 edges/sec)
speedup 6.95989
nthreads 16 push/pull: (no tree) 1.728917e+00 (sec),  rate: 2442.72 (1e6 edges/sec)
speedup 9.72242
nthreads 32 push/pull: (no tree) 1.415106e+00 (sec),  rate: 2984.42 (1e6 edges/sec)
speedup 11.8784

parallel (with tree):
nthreads  1 push/pull (w/ tree): 1.979297e+01 (sec),  rate: 213.372 (1e6 edges/sec)
nthreads  2 push/pull (w/ tree): 1.000421e+01 (sec),  rate: 422.149 (1e6 edges/sec)
speedup 1.97846
nthreads  4 push/pull (w/ tree): 5.293592e+00 (sec),  rate: 797.807 (1e6 edges/sec)
speedup 3.73904
nthreads  8 push/pull (w/ tree): 2.948612e+00 (sec),  rate: 1432.29 (1e6 edges/sec)
speedup 6.71264
nthreads 16 push/pull (w/ tree): 2.107479e+00 (sec),  rate: 2003.94 (1e6 edges/sec)
speedup 9.39177
nthreads 32 push/pull (w/ tree): 1.743436e+00 (sec),  rate: 2422.38 (1e6 edges/sec)
speedup 11.3528

v starts sparse: (nthread 40)
pushpull sparse 3.122808e-04 (sec), rate: 1.35239e+07 (1e6 edges/sec)
number of levels: 1 (for s = 0, single-source)
# nodes visited (for single-source): 1 out of 134217726 (7.45058e-07 % of the graph)
bfs_test: all tests passed
------------------------------------------------------------

matrix: /home/grads/a/aznaveh/GAP/GAP-kron/GAP-kron.grb
[.grb]
Reading binary file: /home/grads/a/aznaveh/GAP/GAP-kron/GAP-kron.grb
nthreads for simple BFS: 40

  61578415x61578415 GraphBLAS bool matrix, sparse by row:
  A, 1468364884 entries

    (12,13)   1
    (12,14)   1
    (12,15)   1
    (12,16)   1
    (12,17)   1
    (12,18)   1
    (12,20)   1
    (12,21)   1
    (12,22)   1
    (12,23)   1
    (12,24)   1
    (12,31)   1
    (12,38)   1
    (12,41)   1
    (12,47)   1
    (12,52)   1
    (12,53)   1
    (12,56)   1
    (12,57)   1
    (12,58)   1
    (12,59)   1
    (12,60)   1
    (12,61)   1
    (12,62)   1
    (12,64)   1
    (12,67)   1
    (12,69)   1
    (12,70)   1
    (12,76)   1
    (12,87)   1
    ...

==========input graph: nodes: 61578415 edges: 1468364884 source node: 0
 nthreads: 40
simple    time: 5.293976e-01 (sec), rate: 2773.65 (1e6 edges/sec)
transpose time: 20.4876

nthreads  1 push/pull: (no tree) 7.358492e+00 (sec),  rate: 199.547 (1e6 edges/sec)
nthreads  2 push/pull: (no tree) 3.766802e+00 (sec),  rate: 389.817 (1e6 edges/sec)
speedup 1.95351
nthreads  4 push/pull: (no tree) 2.000965e+00 (sec),  rate: 733.828 (1e6 edges/sec)
speedup 3.67747
nthreads  8 push/pull: (no tree) 1.111948e+00 (sec),  rate: 1320.53 (1e6 edges/sec)
speedup 6.61766
nthreads 16 push/pull: (no tree) 6.787159e-01 (sec),  rate: 2163.45 (1e6 edges/sec)
speedup 10.8418
nthreads 32 push/pull: (no tree) 5.418409e-01 (sec),  rate: 2709.96 (1e6 edges/sec)
speedup 13.5805

parallel (with tree):
nthreads  1 push/pull (w/ tree): 8.694551e+00 (sec),  rate: 168.883 (1e6 edges/sec)
nthreads  2 push/pull (w/ tree): 4.548592e+00 (sec),  rate: 322.817 (1e6 edges/sec)
speedup 1.91148
nthreads  4 push/pull (w/ tree): 2.434743e+00 (sec),  rate: 603.088 (1e6 edges/sec)
speedup 3.57103
nthreads  8 push/pull (w/ tree): 1.376903e+00 (sec),  rate: 1066.43 (1e6 edges/sec)
speedup 6.31457
nthreads 16 push/pull (w/ tree): 8.587766e-01 (sec),  rate: 1709.83 (1e6 edges/sec)
speedup 10.1243
nthreads 32 push/pull (w/ tree): 7.070534e-01 (sec),  rate: 2076.74 (1e6 edges/sec)
speedup 12.2969

v starts sparse: (nthread 40)
pushpull sparse 2.880674e-04 (sec), rate: 5.0973e+06 (1e6 edges/sec)
number of levels: 1 (for s = 0, single-source)
# nodes visited (for single-source): 1 out of 61578415 (1.62395e-06 % of the graph)
bfs_test: all tests passed
------------------------------------------------------------

matrix: /home/grads/a/aznaveh/GAP/GAP-twitter/GAP-twitter.grb
[.grb]
Reading binary file: /home/grads/a/aznaveh/GAP/GAP-twitter/GAP-twitter.grb
nthreads for simple BFS: 40

  134217728x134217728 GraphBLAS bool matrix, sparse by row:
  A, 4294966740 entries

    (0,8291853)   1
    (0,9845139)   1
    (0,14571172)   1
    (0,16459757)   1
    (0,27302127)   1
    (0,27726180)   1
    (0,30303523)   1
    (0,32640525)   1
    (0,33360373)   1
    (0,40782998)   1
    (0,41057943)   1
    (0,43348321)   1
    (0,50206206)   1
    (0,52510658)   1
    (0,53390371)   1
    (0,53579654)   1
    (0,54622695)   1
    (0,57696071)   1
    (0,59385788)   1
    (0,60365539)   1
    (0,64764501)   1
    (0,64889445)   1
    (0,72706136)   1
    (0,77394182)   1
    (0,82101150)   1
    (0,86364056)   1
    (0,86790574)   1
    (0,90287459)   1
    (0,104674459)   1
    (0,109716228)   1
    ...

==========input graph: nodes: 134217728 edges: 4294966740 source node: 0
 nthreads: 40
simple    time: 8.144970e+01 (sec), rate: 52.7315 (1e6 edges/sec)
transpose time: 78.2247

nthreads  1 push/pull: (no tree) 1.270485e+02 (sec),  rate: 33.8057 (1e6 edges/sec)
nthreads  2 push/pull: (no tree) 8.405850e+01 (sec),  rate: 51.095 (1e6 edges/sec)
speedup 1.51143
nthreads  4 push/pull: (no tree) 5.732329e+01 (sec),  rate: 74.9253 (1e6 edges/sec)
speedup 2.21635
nthreads  8 push/pull: (no tree) 4.073420e+01 (sec),  rate: 105.439 (1e6 edges/sec)
speedup 3.11896
nthreads 16 push/pull: (no tree) 3.239600e+01 (sec),  rate: 132.577 (1e6 edges/sec)
speedup 3.92173
nthreads 32 push/pull: (no tree) 3.113207e+01 (sec),  rate: 137.96 (1e6 edges/sec)
speedup 4.08095

parallel (with tree):
nthreads  1 push/pull (w/ tree): 1.303436e+02 (sec),  rate: 32.9511 (1e6 edges/sec)
nthreads  2 push/pull (w/ tree): 8.442520e+01 (sec),  rate: 50.873 (1e6 edges/sec)
speedup 1.54389
nthreads  4 push/pull (w/ tree): 5.926157e+01 (sec),  rate: 72.4747 (1e6 edges/sec)
speedup 2.19946
nthreads  8 push/pull (w/ tree): 4.409396e+01 (sec),  rate: 97.4049 (1e6 edges/sec)
speedup 2.95604
nthreads 16 push/pull (w/ tree): 3.578295e+01 (sec),  rate: 120.028 (1e6 edges/sec)
speedup 3.64262
nthreads 32 push/pull (w/ tree): 3.724249e+01 (sec),  rate: 115.324 (1e6 edges/sec)
speedup 3.49986

v starts sparse: (nthread 40)
pushpull sparse 3.175494e+01 (sec), rate: 135.253 (1e6 edges/sec)
number of levels: 8 (for s = 0, single-source)
# nodes visited (for single-source): 134217728 out of 134217728 (100 % of the graph)
bfs_test: all tests passed
------------------------------------------------------------

matrix: /home/grads/a/aznaveh/GAP/GAP-urand/GAP-urand.grb
[.grb]
Reading binary file: /home/grads/a/aznaveh/GAP/GAP-urand/GAP-urand.grb
nthreads for simple BFS: 40

  23947347x23947347 GraphBLAS bool matrix, sparse by row:
  A, 57708624 entries

    (0,1)   1
    (0,709)   1
    (0,1049673)   1
    (1,0)   1
    (1,2097154)   1
    (2,9)   1
    (2,2097152)   1
    (2,2097156)   1
    (3,1903)   1
    (3,1048578)   1
    (4,5)   1
    (4,2097153)   1
    (5,4)   1
    (5,11)   1
    (5,1048579)   1
    (6,7)   1
    (6,1048580)   1
    (6,1048582)   1
    (7,6)   1
    (8,33976)   1
    (8,1048581)   1
    (9,2)   1
    ...

==========input graph: nodes: 23947347 edges: 57708624 source node: 0
 nthreads: 40
simple    time: 1.300215e+01 (sec), rate: 4.43839 (1e6 edges/sec)
transpose time: 0.702298

nthreads  1 push/pull: (no tree) 1.838820e+01 (sec),  rate: 3.13835 (1e6 edges/sec)
nthreads  2 push/pull: (no tree) 1.452665e+01 (sec),  rate: 3.9726 (1e6 edges/sec)
speedup 1.26583
nthreads  4 push/pull: (no tree) 1.327465e+01 (sec),  rate: 4.34728 (1e6 edges/sec)
speedup 1.38521
nthreads  8 push/pull: (no tree) 1.299685e+01 (sec),  rate: 4.4402 (1e6 edges/sec)
speedup 1.41482
nthreads 16 push/pull: (no tree) 1.291833e+01 (sec),  rate: 4.46719 (1e6 edges/sec)
speedup 1.42342
nthreads 32 push/pull: (no tree) 1.287571e+01 (sec),  rate: 4.48198 (1e6 edges/sec)
speedup 1.42813

parallel (with tree):
nthreads  1 push/pull (w/ tree): 1.988076e+01 (sec),  rate: 2.90274 (1e6 edges/sec)
nthreads  2 push/pull (w/ tree): 1.625262e+01 (sec),  rate: 3.55073 (1e6 edges/sec)
speedup 1.22323
nthreads  4 push/pull (w/ tree): 1.471130e+01 (sec),  rate: 3.92274 (1e6 edges/sec)
speedup 1.35139
nthreads  8 push/pull (w/ tree): 1.438698e+01 (sec),  rate: 4.01117 (1e6 edges/sec)
speedup 1.38186
nthreads 16 push/pull (w/ tree): 1.412046e+01 (sec),  rate: 4.08688 (1e6 edges/sec)
speedup 1.40794
nthreads 32 push/pull (w/ tree): 1.421792e+01 (sec),  rate: 4.05887 (1e6 edges/sec)
speedup 1.39829

v starts sparse: (nthread 40)
pushpull sparse 1.296961e+01 (sec), rate: 4.44953 (1e6 edges/sec)
number of levels: 6262 (for s = 0, single-source)
# nodes visited (for single-source): 23947347 out of 23947347 (100 % of the graph)
bfs_test: all tests passed
------------------------------------------------------------

matrix: /home/grads/a/aznaveh/GAP/GAP-road/GAP-road.grb
[.grb]
Reading binary file: /home/grads/a/aznaveh/GAP/GAP-road/GAP-road.grb
nthreads for simple BFS: 40
